EXTI_program.c:19:6:MEXTI_vidEnableLine	16	static
EXTI_program.c:23:6:MEXTI_vidDisableLine	16	static
EXTI_program.c:27:6:MEXTI_vidSetSignalLatch	16	static
EXTI_program.c:48:6:MEXTI_vidSoftwareTrigger	16	static
EXTI_program.c:52:6:MEXTI_vidSetCallBack	16	static
EXTI_program.c:56:6:EXTI0_IRQHandler	8	static
EXTI_program.c:60:6:EXTI1_IRQHandler	8	static
EXTI_program.c:64:6:EXTI2_IRQHandler	8	static
EXTI_program.c:68:6:EXTI3_IRQHandler	8	static
EXTI_program.c:72:6:EXTI4_IRQHandler	8	static
EXTI_program.c:76:6:EXTI5_IRQHandler	8	static
EXTI_program.c:80:6:EXTI6_IRQHandler	8	static
EXTI_program.c:84:6:EXTI7_IRQHandler	8	static
EXTI_program.c:88:6:EXTI8_IRQHandler	8	static
EXTI_program.c:92:6:EXTI9_IRQHandler	8	static
EXTI_program.c:96:6:EXTI10_IRQHandler	8	static
EXTI_program.c:100:6:EXTI11_IRQHandler	8	static
EXTI_program.c:104:6:EXTI12_IRQHandler	8	static
EXTI_program.c:108:6:EXTI13_IRQHandler	8	static
EXTI_program.c:112:6:EXTI14_IRQHandler	8	static
EXTI_program.c:116:6:EXTI15_IRQHandler	8	static
